("Namaste! Welcome to Spice Garden — Jodhpur's finest 100% Pure Vegetarian restaurant! 🌿\n\nWe have a wonderful variety of dishes — from classic Rajasthani specials like Dal Baati Churma and Gatte Ki Sabzi, to North Indian favorites, Chinese, Continental, salads, desserts, and drinks! Plus, our chefs can also prepare many regional Indian dishes and a few international ones on request. 😊\n\nCould you tell me what kind of food you're in the mood for today? Spicy, light, something specific like Chinese or South Indian? That way I can recommend the perfect dishes for you!", [], '', '')